// Jest Snapshot v1, https://goo.gl/fbAQLP

exports[`<App /> renders correctly 1`] = `
<View
  style={
    Object {
      "alignItems": "center",
      "backgroundColor": "#999",
      "flex": 1,
      "justifyContent": "center",
    }
  }
>
  <Image
    source={
      Object {
        "height": 300,
        "rotate": 0,
        "testID": "image-style",
        "uri": "https://picsum.photos/id/1/300",
        "width": 300,
      }
    }
    style={
      Object {
        "transform": Array [
          Object {
            "rotate": "0deg",
          },
        ],
      }
    }
    testID="image"
  />
  <Image />
  <View
    style={
      Object {
        "flexDirection": "row",
      }
    }
  >
    <Text />
    <Text />
    <Text />
    <Text />
    <Text />
  </View>
</View>
`;
